// Jest Snapshot v1, https://goo.gl/fbAQLP

exports[`Component: ToPlayerButton should render correctly 1`] = `
<div>
  <button
    class="btn btn--play film-card__button"
    type="button"
  >
    <svg
      height="19"
      viewBox="0 0 19 19"
      width="19"
    >
      <use
        xlink:href="#play-s"
      />
    </svg>
    <span>
      Play
    </span>
  </button>
</div>
`;
