// Jest Snapshot v1, https://goo.gl/fbAQLP

exports[`Component: LoadingScreen should render correctly 1`] = `
<div>
  <div
    class="loading-page"
  >
    <div
      class="loading"
    />
  </div>
</div>
`;
