// Jest Snapshot v1, https://goo.gl/fbAQLP

exports[`Component: PreviewVideoPlayer should render correctly 1`] = `
<div>
  <video>
    <source
      src=""
    />
  </video>
</div>
`;
