// Jest Snapshot v1, https://goo.gl/fbAQLP

exports[`Component: TabReviews should render correctly 1`] = `
<div>
  <div
    class="film-card__reviews film-card__row"
  >
    <div
      class="film-card__reviews-col"
    />
    <div
      class="film-card__reviews-col"
    />
  </div>
</div>
`;
