// Jest Snapshot v1, https://goo.gl/fbAQLP

exports[`Component: Main should render correctly 1`] = `
<div>
  <section
    class="film-card"
  >
    <div
      class="film-card__bg"
    >
      <img />
    </div>
    <h1
      class="visually-hidden"
    >
      WTW
    </h1>
    <header
      class="page-header film-card__head"
    >
      <div
        class="logo"
      >
        <a
          class="logo__link"
          href="/"
        >
          <span
            class="logo__letter logo__letter--1"
          >
            W
          </span>
          <span
            class="logo__letter logo__letter--2"
          >
            T
          </span>
          <span
            class="logo__letter logo__letter--3"
          >
            W
          </span>
        </a>
      </div>
      <ul
        class="user-block"
      >
        <li
          class="user-block__item"
        >
          <div
            class="user-block__avatar"
          >
            <a
              href="/mylist"
            >
              <img
                alt="User avatar"
                height="63"
                src="img/avatar.jpg"
                width="63"
              />
            </a>
          </div>
        </li>
        <li
          class="user-block__item"
        >
          <button
            class="user-block__link"
            style="background: none;"
          >
            Sign out
          </button>
        </li>
      </ul>
    </header>
    <div
      class="film-card__wrap"
    >
      <div
        class="film-card__info"
      >
        <div
          class="film-card__poster"
        >
          <img
            alt="undefined poster"
            height="327"
            width="218"
          />
        </div>
        <div
          class="film-card__desc"
        >
          <h2
            class="film-card__title"
          />
          <p
            class="film-card__meta"
          >
            <span
              class="film-card__genre"
            />
            <span
              class="film-card__year"
            />
          </p>
          <div
            class="film-card__buttons"
          >
            <button
              class="btn btn--play film-card__button"
              type="button"
            >
              <svg
                height="19"
                viewBox="0 0 19 19"
                width="19"
              >
                <use
                  xlink:href="#play-s"
                />
              </svg>
              <span>
                Play
              </span>
            </button>
            <button
              class="btn btn--list film-card__button"
              type="button"
            >
              <svg
                height="20"
                viewBox="0 0 19 20"
                width="19"
              >
                <use
                  xlink:href="#add"
                />
              </svg>
              <span>
                My list
              </span>
            </button>
          </div>
        </div>
      </div>
    </div>
  </section>
  <div
    class="page-content"
  >
    <section
      class="catalog"
    >
      <h2
        class="catalog__title visually-hidden"
      >
        Catalog
      </h2>
      <ul
        class="catalog__genres-list"
      >
        <li
          class="catalog__genres-item"
        >
          <span
            class="catalog__genres-link"
            style="cursor: pointer;"
          >
            All genres
          </span>
        </li>
      </ul>
      <div
        class="catalog__films-list"
      />
    </section>
    <footer
      class="page-footer"
    >
      <div
        class="logo"
      >
        <a
          class="logo__link logo__link--light"
          href="/"
        >
          <span
            class="logo__letter logo__letter--1"
          >
            W
          </span>
          <span
            class="logo__letter logo__letter--2"
          >
            T
          </span>
          <span
            class="logo__letter logo__letter--3"
          >
            W
          </span>
        </a>
      </div>
      <div
        class="copyright"
      >
        <p>
          Â© 2019 What to watch Ltd.
        </p>
      </div>
    </footer>
  </div>
</div>
`;
