// Jest Snapshot v1, https://goo.gl/fbAQLP

exports[`Component: NotFound should render correctly 1`] = `
<div>
  <a
    class="link-return-url"
    href="/"
  >
    Return to main
  </a>
  <div
    class="flex-center position-r full-height"
  >
    <div
      class="code"
    >
      404
    </div>
    <div
      class="message"
      style="padding: 10px;"
    >
      NOT FOUND
    </div>
  </div>
</div>
`;
