// Jest Snapshot v1, https://goo.gl/fbAQLP

exports[`Component: MoviePage should render correctly 1`] = `
<div>
  <section
    class="film-card film-card--full"
  >
    <div
      class="film-card__hero"
    >
      <div
        class="film-card__bg"
      >
        <img
          alt="string"
          src="string"
        />
      </div>
      <h1
        class="visually-hidden"
      >
        WTW
      </h1>
      <header
        class="page-header film-card__head"
      >
        <div
          class="logo"
        >
          <a
            class="logo__link"
            href="/"
          >
            <span
              class="logo__letter logo__letter--1"
            >
              W
            </span>
            <span
              class="logo__letter logo__letter--2"
            >
              T
            </span>
            <span
              class="logo__letter logo__letter--3"
            >
              W
            </span>
          </a>
        </div>
        <ul
          class="user-block"
        >
          <li
            class="user-block__item"
          >
            <div
              class="user-block__avatar"
            >
              <a
                href="/mylist"
              >
                <img
                  alt="User avatar"
                  height="63"
                  src="img/avatar.jpg"
                  width="63"
                />
              </a>
            </div>
          </li>
          <li
            class="user-block__item"
          >
            <button
              class="user-block__link"
              style="background: none;"
            >
              Sign out
            </button>
          </li>
        </ul>
      </header>
      <div
        class="film-card__wrap"
      >
        <div
          class="film-card__desc"
        >
          <h2
            class="film-card__title"
          >
            string
          </h2>
          <p
            class="film-card__meta"
          >
            <span
              class="film-card__genre"
            >
              string
            </span>
            <span
              class="film-card__year"
            >
              2010
            </span>
          </p>
          <div
            class="film-card__buttons"
          >
            <button
              class="btn btn--play film-card__button"
              type="button"
            >
              <svg
                height="19"
                viewBox="0 0 19 19"
                width="19"
              >
                <use
                  xlink:href="#play-s"
                />
              </svg>
              <span>
                Play
              </span>
            </button>
            <button
              class="btn btn--list film-card__button"
              type="button"
            >
              <svg
                height="20"
                viewBox="0 0 19 20"
                width="19"
              >
                <use
                  xlink:href="#add"
                />
              </svg>
              <span>
                My list
              </span>
            </button>
            <a
              class="btn film-card__button"
              href="/films/NaN/review"
            >
              Add review
            </a>
          </div>
        </div>
      </div>
    </div>
    <div
      class="film-card__wrap film-card__translate-top"
    >
      <div
        class="film-card__info"
      >
        <div
          class="film-card__poster film-card__poster--big"
        >
          <img
            alt="string"
            height="327"
            src="string"
            width="218"
          />
        </div>
        <div
          class="film-card__desc"
        >
          <nav
            class="film-nav film-card__nav"
          >
            <ul
              class="film-nav__list"
            >
              <li
                class="film-nav__item film-nav__item--active"
              >
                <a
                  class="film-nav__link"
                  href="/#overview"
                >
                  Overview
                </a>
              </li>
              <li
                class="film-nav__item"
              >
                <a
                  class="film-nav__link"
                  href="/#details"
                >
                  Details
                </a>
              </li>
              <li
                class="film-nav__item"
              >
                <a
                  class="film-nav__link"
                  href="/#reviews"
                >
                  Reviews
                </a>
              </li>
            </ul>
          </nav>
          <div
            class="film-rating"
          >
            <div
              class="film-rating__score"
            >
              10
            </div>
            <p
              class="film-rating__meta"
            >
              <span
                class="film-rating__level"
              >
                Awesome
              </span>
              <span
                class="film-rating__count"
              >
                10
                 ratings
              </span>
            </p>
          </div>
          <div
            class="film-card__text"
          >
            <p>
              string
            </p>
            <p
              class="film-card__director"
            >
              <strong>
                Director: 
                string
              </strong>
            </p>
            <p
              class="film-card__starring"
            >
              <strong>
                Starring: 
                
              </strong>
            </p>
          </div>
        </div>
      </div>
    </div>
  </section>
  <div
    class="page-content"
  >
    <section
      class="catalog catalog--like-this"
    >
      <h2
        class="catalog__title"
      >
        More like this
      </h2>
      <div
        class="catalog__films-list"
      />
    </section>
    <footer
      class="page-footer"
    >
      <div
        class="logo"
      >
        <a
          class="logo__link logo__link--light"
          href="/"
        >
          <span
            class="logo__letter logo__letter--1"
          >
            W
          </span>
          <span
            class="logo__letter logo__letter--2"
          >
            T
          </span>
          <span
            class="logo__letter logo__letter--3"
          >
            W
          </span>
        </a>
      </div>
      <div
        class="copyright"
      >
        <p>
          Â© 2019 What to watch Ltd.
        </p>
      </div>
    </footer>
  </div>
</div>
`;
